edges
nodes
| Test.java:34:48:34:52 | "foo" | semmle.label | "foo" |
| WeakHashing.java:15:55:15:83 | getProperty(...) | semmle.label | getProperty(...) |
subpaths
#select
| Test.java:34:21:34:53 | new SecretKeySpec(...) | Test.java:34:48:34:52 | "foo" | Test.java:34:48:34:52 | "foo" | Cryptographic algorithm $@ may not be secure, consider using a different algorithm. | Test.java:34:48:34:52 | "foo" | foo |
| WeakHashing.java:15:29:15:84 | getInstance(...) | WeakHashing.java:15:55:15:83 | getProperty(...) | WeakHashing.java:15:55:15:83 | getProperty(...) | Cryptographic algorithm $@ may not be secure, consider using a different algorithm. | WeakHashing.java:15:55:15:83 | getProperty(...) | MD5 |
