edges
| main.cpp:6:27:6:30 | **argv | main.cpp:7:33:7:36 | **argv |
| main.cpp:7:33:7:36 | **argv | overflowdestination.cpp:23:45:23:48 | **argv |
| overflowdestination.cpp:23:45:23:48 | **argv | overflowdestination.cpp:30:17:30:20 | *arg1 |
| overflowdestination.cpp:43:8:43:10 | fgets output argument | overflowdestination.cpp:46:15:46:17 | *src |
| overflowdestination.cpp:50:52:50:54 | *src | overflowdestination.cpp:53:9:53:12 | memcpy output argument |
| overflowdestination.cpp:50:52:50:54 | *src | overflowdestination.cpp:53:15:53:17 | *src |
| overflowdestination.cpp:50:52:50:54 | *src | overflowdestination.cpp:54:9:54:12 | memcpy output argument |
| overflowdestination.cpp:53:9:53:12 | memcpy output argument | overflowdestination.cpp:54:9:54:12 | memcpy output argument |
| overflowdestination.cpp:54:9:54:12 | memcpy output argument | overflowdestination.cpp:54:9:54:12 | memcpy output argument |
| overflowdestination.cpp:57:52:57:54 | *src | overflowdestination.cpp:64:16:64:19 | *src2 |
| overflowdestination.cpp:73:8:73:10 | fgets output argument | overflowdestination.cpp:75:30:75:32 | *src |
| overflowdestination.cpp:73:8:73:10 | fgets output argument | overflowdestination.cpp:76:30:76:32 | *src |
| overflowdestination.cpp:75:30:75:32 | *src | overflowdestination.cpp:50:52:50:54 | *src |
| overflowdestination.cpp:75:30:75:32 | *src | overflowdestination.cpp:75:30:75:32 | overflowdest_test2 output argument |
| overflowdestination.cpp:75:30:75:32 | overflowdest_test2 output argument | overflowdestination.cpp:76:30:76:32 | *src |
| overflowdestination.cpp:76:30:76:32 | *src | overflowdestination.cpp:57:52:57:54 | *src |
nodes
| main.cpp:6:27:6:30 | **argv | semmle.label | **argv |
| main.cpp:7:33:7:36 | **argv | semmle.label | **argv |
| overflowdestination.cpp:23:45:23:48 | **argv | semmle.label | **argv |
| overflowdestination.cpp:30:17:30:20 | *arg1 | semmle.label | *arg1 |
| overflowdestination.cpp:43:8:43:10 | fgets output argument | semmle.label | fgets output argument |
| overflowdestination.cpp:46:15:46:17 | *src | semmle.label | *src |
| overflowdestination.cpp:50:52:50:54 | *src | semmle.label | *src |
| overflowdestination.cpp:53:9:53:12 | memcpy output argument | semmle.label | memcpy output argument |
| overflowdestination.cpp:53:15:53:17 | *src | semmle.label | *src |
| overflowdestination.cpp:54:9:54:12 | memcpy output argument | semmle.label | memcpy output argument |
| overflowdestination.cpp:57:52:57:54 | *src | semmle.label | *src |
| overflowdestination.cpp:64:16:64:19 | *src2 | semmle.label | *src2 |
| overflowdestination.cpp:73:8:73:10 | fgets output argument | semmle.label | fgets output argument |
| overflowdestination.cpp:75:30:75:32 | *src | semmle.label | *src |
| overflowdestination.cpp:75:30:75:32 | overflowdest_test2 output argument | semmle.label | overflowdest_test2 output argument |
| overflowdestination.cpp:76:30:76:32 | *src | semmle.label | *src |
subpaths
| overflowdestination.cpp:75:30:75:32 | *src | overflowdestination.cpp:50:52:50:54 | *src | overflowdestination.cpp:53:9:53:12 | memcpy output argument | overflowdestination.cpp:75:30:75:32 | overflowdest_test2 output argument |
| overflowdestination.cpp:75:30:75:32 | *src | overflowdestination.cpp:50:52:50:54 | *src | overflowdestination.cpp:54:9:54:12 | memcpy output argument | overflowdestination.cpp:75:30:75:32 | overflowdest_test2 output argument |
#select
| overflowdestination.cpp:30:2:30:8 | call to strncpy | main.cpp:6:27:6:30 | **argv | overflowdestination.cpp:30:17:30:20 | *arg1 | To avoid overflow, this operation should be bounded by destination-buffer size, not source-buffer size. |
| overflowdestination.cpp:46:2:46:7 | call to memcpy | overflowdestination.cpp:43:8:43:10 | fgets output argument | overflowdestination.cpp:46:15:46:17 | *src | To avoid overflow, this operation should be bounded by destination-buffer size, not source-buffer size. |
| overflowdestination.cpp:53:2:53:7 | call to memcpy | overflowdestination.cpp:73:8:73:10 | fgets output argument | overflowdestination.cpp:53:15:53:17 | *src | To avoid overflow, this operation should be bounded by destination-buffer size, not source-buffer size. |
| overflowdestination.cpp:64:2:64:7 | call to memcpy | overflowdestination.cpp:73:8:73:10 | fgets output argument | overflowdestination.cpp:64:16:64:19 | *src2 | To avoid overflow, this operation should be bounded by destination-buffer size, not source-buffer size. |
